[elora.asdesignsgalaxy.com/index.html]
[backblue.gif]
[fade.gif]
[index.html]
[elora.asdesignsgalaxy.com/assets/images/Home/Home-Image.png]
[elora.asdesignsgalaxy.com/assets/images/About/About-Image.png]
[elora.asdesignsgalaxy.com/assets/images/Portfolio/portfolio-1.png]
[elora.asdesignsgalaxy.com/assets/images/Portfolio/portfolio-2.png]
[elora.asdesignsgalaxy.com/assets/images/Portfolio/portfolio-3.png]
[elora.asdesignsgalaxy.com/assets/images/Portfolio/portfolio-4.png]
[elora.asdesignsgalaxy.com/assets/images/Portfolio/portfolio-5.png]
[elora.asdesignsgalaxy.com/assets/images/Portfolio/portfolio-6.png]
[elora.asdesignsgalaxy.com/assets/images/Testimonials/pic-1.png]
[elora.asdesignsgalaxy.com/assets/images/Testimonials/pic-2.png]
[elora.asdesignsgalaxy.com/assets/images/Testimonials/pic-3.png]
[elora.asdesignsgalaxy.com/assets/images/Testimonials/pic-4.png]
[elora.asdesignsgalaxy.com/assets/images/Testimonials/pic-5.png]
[elora.asdesignsgalaxy.com/assets/images/Blogs/blog-1.png]
[elora.asdesignsgalaxy.com/assets/images/Blogs/blog-2.png]
[elora.asdesignsgalaxy.com/assets/images/Blogs/blog-3.png]
[elora.asdesignsgalaxy.com/assets/images/Blogs/blog-4.png]
[elora.asdesignsgalaxy.com/assets/images/Blogs/blog-5.png]
[elora.asdesignsgalaxy.com/assets/vendors/jquery/jquery-3.6.0.js]
[elora.asdesignsgalaxy.com/assets/vendors/swiper/swiper.js]
[elora.asdesignsgalaxy.com/assets/vendors/magnific-popup/jquery.magnific-popup.js]
[elora.asdesignsgalaxy.com/assets/vendors/typed/typed.js]
[elora.asdesignsgalaxy.com/assets/js/script.js]
[elora.asdesignsgalaxy.com/assets/js/scroll-spy.js]
[elora.asdesignsgalaxy.com/assets/js/counter-up.js]
[elora.asdesignsgalaxy.com/assets/js/portfolio.js]
[elora.asdesignsgalaxy.com/assets/js/testi-slider.js]
[elora.asdesignsgalaxy.com/assets/js/blog-slider.js]
[elora.asdesignsgalaxy.com/index.html]
[elora.asdesignsgalaxy.com/assets/vendors/font-awesome/webfonts/fa-brands-400.eot]
[elora.asdesignsgalaxy.com/assets/vendors/font-awesome/webfonts/fa-brands-400d41d.eot]
[elora.asdesignsgalaxy.com/assets/vendors/font-awesome/webfonts/fa-brands-400.woff2]
[elora.asdesignsgalaxy.com/assets/vendors/font-awesome/webfonts/fa-brands-400.woff]
[elora.asdesignsgalaxy.com/assets/vendors/font-awesome/webfonts/fa-brands-400.ttf]
[elora.asdesignsgalaxy.com/assets/vendors/font-awesome/webfonts/fa-regular-400.eot]
[elora.asdesignsgalaxy.com/assets/vendors/font-awesome/webfonts/fa-regular-400d41d.eot]
[elora.asdesignsgalaxy.com/assets/vendors/font-awesome/webfonts/fa-regular-400.woff2]
[elora.asdesignsgalaxy.com/assets/vendors/font-awesome/webfonts/fa-regular-400.woff]
[elora.asdesignsgalaxy.com/assets/vendors/font-awesome/webfonts/fa-regular-400.ttf]
[elora.asdesignsgalaxy.com/assets/vendors/font-awesome/webfonts/fa-solid-900.eot]
[elora.asdesignsgalaxy.com/assets/vendors/font-awesome/webfonts/fa-solid-900d41d.eot]
[elora.asdesignsgalaxy.com/assets/vendors/font-awesome/webfonts/fa-solid-900.woff2]
[elora.asdesignsgalaxy.com/assets/vendors/font-awesome/webfonts/fa-solid-900.woff]
[elora.asdesignsgalaxy.com/assets/vendors/font-awesome/webfonts/fa-solid-900.ttf]
[elora.asdesignsgalaxy.com/assets/vendors/font-awesome/css/all.min.css]
[elora.asdesignsgalaxy.com/assets/vendors/swiper/swiper.css]
[elora.asdesignsgalaxy.com/assets/vendors/magnific-popup/magnific-popup.css]
[elora.asdesignsgalaxy.com/assets/css/main.css]
[elora.asdesignsgalaxy.com/assets/css/responsive.css]
[elora.asdesignsgalaxy.com/assets/vendors/font-awesome/webfonts/fa-brands-400.svg]
[elora.asdesignsgalaxy.com/assets/vendors/font-awesome/webfonts/fa-regular-400.svg]
[elora.asdesignsgalaxy.com/assets/vendors/font-awesome/webfonts/fa-solid-900.svg]
